2026-07-25T13:32:46.947Z | GET /api/products?limit=100 | 200 | 27ms | ::1
2026-07-25T13:32:47.162Z | GET /api/products?limit=100 | 304 | 2ms | ::1
2026-07-25T13:32:47.322Z | GET /api/products?limit=100 | 304 | 1ms | ::1
2026-07-25T13:32:47.492Z | GET /api/products?limit=100 | 304 | 1ms | ::1
2026-07-25T13:32:47.658Z | GET /api/products?limit=100 | 304 | 1ms | ::1
2026-07-25T13:32:47.832Z | GET /api/products?limit=100 | 304 | 1ms | ::1
2026-07-25T13:32:47.999Z | GET /api/products?limit=100 | 304 | 1ms | ::1
2026-07-25T13:32:48.169Z | GET /api/products?limit=100 | 304 | 1ms | ::1
2026-07-25T13:32:48.341Z | GET /api/products?limit=100 | 304 | 2ms | ::1
2026-07-25T13:32:48.506Z | GET /api/products?limit=100 | 304 | 2ms | ::1
2026-07-25T13:32:48.664Z | GET /api/products?limit=100 | 304 | 1ms | ::1
2026-07-25T13:32:48.814Z | GET /api/products?limit=100 | 304 | 1ms | ::1
2026-07-25T13:32:48.978Z | GET /api/products?limit=100 | 304 | 2ms | ::1
2026-07-25T13:32:49.149Z | GET /api/products?limit=100 | 304 | 2ms | ::1
2026-07-25T13:32:49.316Z | GET /api/products?limit=100 | 304 | 0ms | ::1
2026-07-25T13:32:49.477Z | GET /api/products?limit=100 | 304 | 1ms | ::1
2026-07-25T13:32:49.639Z | GET /api/products?limit=100 | 304 | 1ms | ::1
2026-07-25T13:32:49.793Z | GET /api/products?limit=100 | 304 | 1ms | ::1
2026-07-25T13:32:49.945Z | GET /api/products?limit=100 | 304 | 1ms | ::1
2026-07-25T13:32:50.107Z | GET /api/products?limit=100 | 304 | 1ms | ::1
2026-07-25T13:32:50.275Z | GET /api/products?limit=100 | 304 | 1ms | ::1
2026-07-25T13:32:50.430Z | GET /api/products?limit=100 | 304 | 1ms | ::1
2026-07-25T13:32:50.590Z | GET /api/products?limit=100 | 304 | 1ms | ::1
2026-07-25T13:32:50.759Z | GET /api/products?limit=100 | 304 | 1ms | ::1
2026-07-25T13:32:50.964Z | GET /api/products?limit=100 | 304 | 0ms | ::1
2026-07-25T13:32:51.153Z | GET /api/products?limit=100 | 304 | 0ms | ::1
2026-07-25T13:32:51.315Z | GET /api/products?limit=100 | 304 | 1ms | ::1
2026-07-25T13:32:51.484Z | GET /api/products?limit=100 | 304 | 1ms | ::1
2026-07-25T13:32:51.670Z | GET /api/products?limit=100 | 304 | 1ms | ::1
2026-07-25T13:32:51.859Z | GET /api/products?limit=100 | 304 | 1ms | ::1
2026-07-25T13:32:52.021Z | GET /api/products?limit=100 | 304 | 1ms | ::1
2026-07-25T13:32:52.194Z | GET /api/products?limit=100 | 304 | 0ms | ::1
2026-07-25T13:32:52.348Z | GET /api/products?limit=100 | 304 | 1ms | ::1
2026-07-25T13:32:52.514Z | GET /api/products?limit=100 | 304 | 1ms | ::1
2026-07-25T13:32:52.673Z | GET /api/products?limit=100 | 304 | 1ms | ::1
2026-07-25T13:32:52.839Z | GET /api/products?limit=100 | 304 | 0ms | ::1
2026-07-25T13:32:53.006Z | GET /api/products?limit=100 | 304 | 1ms | ::1
2026-07-25T13:32:53.173Z | GET /api/products?limit=100 | 304 | 1ms | ::1
2026-07-25T13:32:53.331Z | GET /api/products?limit=100 | 304 | 1ms | ::1
2026-07-25T13:32:53.501Z | GET /api/products?limit=100 | 304 | 1ms | ::1
2026-07-25T13:32:53.653Z | GET /api/products?limit=100 | 304 | 0ms | ::1
2026-07-25T13:32:53.834Z | GET /api/products?limit=100 | 304 | 0ms | ::1
2026-07-25T13:32:54.002Z | GET /api/products?limit=100 | 304 | 1ms | ::1
2026-07-25T13:32:54.167Z | GET /api/products?limit=100 | 304 | 1ms | ::1
2026-07-25T13:32:54.322Z | GET /api/products?limit=100 | 304 | 1ms | ::1
2026-07-25T13:32:54.484Z | GET /api/products?limit=100 | 304 | 1ms | ::1
2026-07-25T13:32:54.671Z | GET /api/products?limit=100 | 304 | 1ms | ::1
2026-07-25T13:32:54.832Z | GET /api/products?limit=100 | 304 | 1ms | ::1
2026-07-25T13:32:54.988Z | GET /api/products?limit=100 | 304 | 1ms | ::1
2026-07-25T13:32:55.152Z | GET /api/products?limit=100 | 304 | 1ms | ::1
2026-07-25T13:32:55.318Z | GET /api/products?limit=100 | 304 | 1ms | ::1
2026-07-25T13:32:55.478Z | GET /api/products?limit=100 | 304 | 1ms | ::1
2026-07-25T13:32:55.644Z | GET /api/products?limit=100 | 304 | 1ms | ::1
2026-07-25T13:32:55.795Z | GET /api/products?limit=100 | 304 | 1ms | ::1
2026-07-25T13:32:55.949Z | GET /api/products?limit=100 | 304 | 1ms | ::1
2026-07-25T13:32:56.109Z | GET /api/products?limit=100 | 304 | 1ms | ::1
2026-07-25T13:32:56.279Z | GET /api/products?limit=100 | 304 | 1ms | ::1
2026-07-25T13:32:56.461Z | GET /api/products?limit=100 | 304 | 1ms | ::1
2026-07-25T13:32:56.618Z | GET /api/products?limit=100 | 304 | 1ms | ::1
2026-07-25T13:32:56.776Z | GET /api/products?limit=100 | 304 | 1ms | ::1
2026-07-25T13:32:56.945Z | GET /api/products?limit=100 | 304 | 0ms | ::1
2026-07-25T13:32:57.102Z | GET /api/products?limit=100 | 304 | 1ms | ::1
2026-07-25T13:32:57.273Z | GET /api/products?limit=100 | 304 | 1ms | ::1
2026-07-25T13:32:57.453Z | GET /api/products?limit=100 | 304 | 1ms | ::1
2026-07-25T13:32:57.613Z | GET /api/products?limit=100 | 304 | 1ms | ::1
2026-07-25T13:32:57.782Z | GET /api/products?limit=100 | 304 | 1ms | ::1
2026-07-25T13:32:57.939Z | GET /api/products?limit=100 | 304 | 1ms | ::1
2026-07-25T13:32:58.095Z | GET /api/products?limit=100 | 304 | 1ms | ::1
2026-07-25T13:32:58.265Z | GET /api/products?limit=100 | 304 | 1ms | ::1
2026-07-25T13:32:58.435Z | GET /api/products?limit=100 | 304 | 1ms | ::1
2026-07-25T13:32:58.590Z | GET /api/products?limit=100 | 304 | 1ms | ::1
2026-07-25T13:32:58.749Z | GET /api/products?limit=100 | 304 | 1ms | ::1
2026-07-25T13:32:58.908Z | GET /api/products?limit=100 | 304 | 1ms | ::1
2026-07-25T13:32:59.078Z | GET /api/products?limit=100 | 304 | 1ms | ::1
2026-07-25T13:32:59.244Z | GET /api/products?limit=100 | 304 | 1ms | ::1
2026-07-25T13:32:59.409Z | GET /api/products?limit=100 | 304 | 1ms | ::1
2026-07-25T13:32:59.578Z | GET /api/products?limit=100 | 304 | 1ms | ::1
2026-07-25T13:32:59.743Z | GET /api/products?limit=100 | 304 | 1ms | ::1
2026-07-25T13:32:59.911Z | GET /api/products?limit=100 | 304 | 1ms | ::1
2026-07-25T13:33:00.088Z | GET /api/products?limit=100 | 304 | 1ms | ::1
2026-07-25T13:33:00.245Z | GET /api/products?limit=100 | 304 | 0ms | ::1
2026-07-25T13:33:00.414Z | GET /api/products?limit=100 | 304 | 1ms | ::1
2026-07-25T13:33:00.578Z | GET /api/products?limit=100 | 304 | 0ms | ::1
2026-07-25T13:33:00.745Z | GET /api/products?limit=100 | 304 | 1ms | ::1
2026-07-25T13:33:00.904Z | GET /api/products?limit=100 | 304 | 1ms | ::1
2026-07-25T13:33:01.078Z | GET /api/products?limit=100 | 304 | 0ms | ::1
2026-07-25T13:33:01.245Z | GET /api/products?limit=100 | 304 | 0ms | ::1
2026-07-25T13:33:01.435Z | GET /api/products?limit=100 | 304 | 0ms | ::1
2026-07-25T13:33:01.601Z | GET /api/products?limit=100 | 304 | 0ms | ::1
2026-07-25T13:33:01.781Z | GET /api/products?limit=100 | 304 | 1ms | ::1
2026-07-25T13:33:01.936Z | GET /api/products?limit=100 | 304 | 1ms | ::1
2026-07-25T13:33:02.098Z | GET /api/products?limit=100 | 304 | 1ms | ::1
2026-07-25T13:33:02.269Z | GET /api/products?limit=100 | 304 | 1ms | ::1
2026-07-25T13:33:02.453Z | GET /api/products?limit=100 | 304 | 1ms | ::1
2026-07-25T13:33:02.617Z | GET /api/products?limit=100 | 304 | 1ms | ::1
2026-07-25T13:33:02.782Z | GET /api/products?limit=100 | 304 | 1ms | ::1
2026-07-25T13:33:02.949Z | GET /api/products?limit=100 | 304 | 1ms | ::1
2026-07-25T13:33:03.123Z | GET /api/products?limit=100 | 304 | 0ms | ::1
2026-07-25T13:33:03.294Z | GET /api/products?limit=100 | 304 | 0ms | ::1
2026-07-25T13:33:03.467Z | GET /api/products?limit=100 | 304 | 1ms | ::1
2026-07-25T13:33:03.630Z | GET /api/products?limit=100 | 429 | 1ms | ::1
2026-07-25T13:33:03.786Z | GET /api/products?limit=100 | 429 | 1ms | ::1
2026-07-25T13:33:03.947Z | GET /api/products?limit=100 | 429 | 1ms | ::1
2026-07-25T13:33:04.123Z | GET /api/products?limit=100 | 429 | 1ms | ::1
2026-07-25T13:33:04.286Z | GET /api/products?limit=100 | 429 | 1ms | ::1
2026-07-25T13:33:04.461Z | GET /api/products?limit=100 | 429 | 1ms | ::1
2026-07-25T13:33:04.625Z | GET /api/products?limit=100 | 429 | 1ms | ::1
2026-07-25T13:33:04.797Z | GET /api/products?limit=100 | 429 | 1ms | ::1
2026-07-25T13:33:04.966Z | GET /api/products?limit=100 | 429 | 1ms | ::1
2026-07-25T13:33:05.132Z | GET /api/products?limit=100 | 429 | 0ms | ::1
2026-07-25T13:33:05.293Z | GET /api/products?limit=100 | 429 | 1ms | ::1
2026-07-25T13:33:05.470Z | GET /api/products?limit=100 | 429 | 1ms | ::1
2026-07-25T13:33:05.691Z | GET /api/products?limit=100 | 429 | 1ms | ::1
2026-07-25T13:33:05.870Z | GET /api/products?limit=100 | 429 | 1ms | ::1
2026-07-25T13:33:06.033Z | GET /api/products?limit=100 | 429 | 0ms | ::1
2026-07-25T13:33:06.205Z | GET /api/products?limit=100 | 429 | 1ms | ::1
2026-07-25T13:33:06.374Z | GET /api/products?limit=100 | 429 | 1ms | ::1
2026-07-25T13:33:06.528Z | GET /api/products?limit=100 | 429 | 1ms | ::1
2026-07-25T13:33:06.690Z | GET /api/products?limit=100 | 429 | 1ms | ::1
2026-07-25T13:33:06.859Z | GET /api/products?limit=100 | 429 | 1ms | ::1
2026-07-25T13:33:07.027Z | GET /api/products?limit=100 | 429 | 1ms | ::1
2026-07-25T13:33:07.185Z | GET /api/products?limit=100 | 429 | 1ms | ::1
2026-07-25T13:33:07.343Z | GET /api/products?limit=100 | 429 | 1ms | ::1
2026-07-25T13:33:07.522Z | GET /api/products?limit=100 | 429 | 1ms | ::1
2026-07-25T13:33:07.690Z | GET /api/products?limit=100 | 429 | 1ms | ::1
2026-07-25T13:33:07.866Z | GET /api/products?limit=100 | 429 | 2ms | ::1
2026-07-25T13:33:08.031Z | GET /api/products?limit=100 | 429 | 1ms | ::1
2026-07-25T13:33:08.201Z | GET /api/products?limit=100 | 429 | 1ms | ::1
2026-07-25T13:33:08.372Z | GET /api/products?limit=100 | 429 | 1ms | ::1
2026-07-25T13:33:08.544Z | GET /api/products?limit=100 | 429 | 0ms | ::1
2026-07-25T13:33:08.716Z | GET /api/products?limit=100 | 429 | 1ms | ::1
2026-07-25T13:33:08.881Z | GET /api/products?limit=100 | 429 | 1ms | ::1
2026-07-25T13:33:09.053Z | GET /api/products?limit=100 | 429 | 1ms | ::1
2026-07-25T13:33:09.224Z | GET /api/products?limit=100 | 429 | 0ms | ::1
2026-07-25T13:33:09.404Z | GET /api/products?limit=100 | 429 | 1ms | ::1
2026-07-25T13:33:09.570Z | GET /api/products?limit=100 | 429 | 1ms | ::1
2026-07-25T13:33:09.744Z | GET /api/products?limit=100 | 429 | 1ms | ::1
2026-07-25T13:33:09.917Z | GET /api/products?limit=100 | 429 | 1ms | ::1
2026-07-25T13:33:10.089Z | GET /api/products?limit=100 | 429 | 1ms | ::1
2026-07-25T13:33:10.262Z | GET /api/products?limit=100 | 429 | 1ms | ::1
2026-07-25T13:33:10.433Z | GET /api/products?limit=100 | 429 | 1ms | ::1
2026-07-25T13:33:10.607Z | GET /api/products?limit=100 | 429 | 1ms | ::1
2026-07-25T13:33:10.777Z | GET /api/products?limit=100 | 429 | 1ms | ::1
2026-07-25T13:33:10.945Z | GET /api/products?limit=100 | 429 | 1ms | ::1
2026-07-25T13:33:11.120Z | GET /api/products?limit=100 | 429 | 1ms | ::1
2026-07-25T13:33:11.298Z | GET /api/products?limit=100 | 429 | 1ms | ::1
2026-07-25T13:33:11.487Z | GET /api/products?limit=100 | 429 | 1ms | ::1
2026-07-25T13:33:11.694Z | GET /api/products?limit=100 | 429 | 0ms | ::1
2026-07-25T13:33:11.860Z | GET /api/products?limit=100 | 429 | 1ms | ::1
2026-07-25T13:33:12.024Z | GET /api/products?limit=100 | 429 | 0ms | ::1
2026-07-25T13:33:12.187Z | GET /api/products?limit=100 | 429 | 1ms | ::1
2026-07-25T13:33:12.349Z | GET /api/products?limit=100 | 429 | 1ms | ::1
2026-07-25T13:33:12.507Z | GET /api/products?limit=100 | 429 | 0ms | ::1
2026-07-25T13:33:12.663Z | GET /api/products?limit=100 | 429 | 1ms | ::1
2026-07-25T13:33:12.831Z | GET /api/products?limit=100 | 429 | 1ms | ::1
2026-07-25T13:33:12.992Z | GET /api/products?limit=100 | 429 | 1ms | ::1
2026-07-25T13:33:13.165Z | GET /api/products?limit=100 | 429 | 1ms | ::1
2026-07-25T13:33:13.331Z | GET /api/products?limit=100 | 429 | 1ms | ::1
2026-07-25T13:33:13.492Z | GET /api/products?limit=100 | 429 | 1ms | ::1
2026-07-25T13:33:13.654Z | GET /api/products?limit=100 | 429 | 0ms | ::1
2026-07-25T13:33:13.816Z | GET /api/products?limit=100 | 429 | 1ms | ::1
2026-07-25T13:33:13.973Z | GET /api/products?limit=100 | 429 | 1ms | ::1
2026-07-25T13:33:14.147Z | GET /api/products?limit=100 | 429 | 1ms | ::1
2026-07-25T13:33:14.312Z | GET /api/products?limit=100 | 429 | 1ms | ::1
2026-07-25T13:33:14.472Z | GET /api/products?limit=100 | 429 | 1ms | ::1
2026-07-25T13:33:14.651Z | GET /api/products?limit=100 | 429 | 1ms | ::1
2026-07-25T13:33:14.815Z | GET /api/products?limit=100 | 429 | 1ms | ::1
2026-07-25T13:33:14.983Z | GET /api/products?limit=100 | 429 | 1ms | ::1
2026-07-25T13:33:15.138Z | GET /api/products?limit=100 | 429 | 0ms | ::1
2026-07-25T13:33:15.294Z | GET /api/products?limit=100 | 429 | 1ms | ::1
2026-07-25T13:33:15.457Z | GET /api/products?limit=100 | 429 | 0ms | ::1
2026-07-25T13:33:15.630Z | GET /api/products?limit=100 | 429 | 1ms | ::1
2026-07-25T13:33:15.837Z | GET /api/products?limit=100 | 429 | 1ms | ::1
2026-07-25T13:33:16.002Z | GET /api/products?limit=100 | 429 | 1ms | ::1
2026-07-25T13:33:16.174Z | GET /api/products?limit=100 | 429 | 0ms | ::1
2026-07-25T13:33:16.346Z | GET /api/products?limit=100 | 429 | 1ms | ::1
2026-07-25T13:33:16.519Z | GET /api/products?limit=100 | 429 | 0ms | ::1
2026-07-25T13:33:16.689Z | GET /api/products?limit=100 | 429 | 0ms | ::1
2026-07-25T13:33:16.853Z | GET /api/products?limit=100 | 429 | 1ms | ::1
2026-07-25T13:33:17.028Z | GET /api/products?limit=100 | 429 | 1ms | ::1
2026-07-25T13:33:17.199Z | GET /api/products?limit=100 | 429 | 1ms | ::1
2026-07-25T13:33:17.375Z | GET /api/products?limit=100 | 429 | 1ms | ::1
2026-07-25T13:33:17.577Z | GET /api/products?limit=100 | 429 | 1ms | ::1
2026-07-25T13:33:17.740Z | GET /api/products?limit=100 | 429 | 1ms | ::1
2026-07-25T13:33:17.908Z | GET /api/products?limit=100 | 429 | 0ms | ::1
2026-07-25T13:33:18.067Z | GET /api/products?limit=100 | 429 | 1ms | ::1
2026-07-25T13:33:18.229Z | GET /api/products?limit=100 | 429 | 1ms | ::1
2026-07-25T13:33:18.404Z | GET /api/products?limit=100 | 429 | 0ms | ::1
2026-07-25T13:33:18.564Z | GET /api/products?limit=100 | 429 | 1ms | ::1
2026-07-25T13:33:18.740Z | GET /api/products?limit=100 | 429 | 1ms | ::1
2026-07-25T13:33:18.907Z | GET /api/products?limit=100 | 429 | 1ms | ::1
2026-07-25T13:33:19.079Z | GET /api/products?limit=100 | 429 | 1ms | ::1
2026-07-25T13:33:19.251Z | GET /api/products?limit=100 | 429 | 1ms | ::1
2026-07-25T13:33:19.427Z | GET /api/products?limit=100 | 429 | 0ms | ::1
2026-07-25T13:33:19.589Z | GET /api/products?limit=100 | 429 | 1ms | ::1
2026-07-25T13:33:19.771Z | GET /api/products?limit=100 | 429 | 1ms | ::1
2026-07-25T13:33:19.956Z | GET /api/products?limit=100 | 429 | 1ms | ::1
2026-07-25T13:33:20.118Z | GET /api/products?limit=100 | 429 | 1ms | ::1
2026-07-25T13:33:20.287Z | GET /api/products?limit=100 | 429 | 1ms | ::1
2026-07-25T13:33:20.550Z | GET /api/products?limit=100 | 429 | 1ms | ::1
2026-07-25T13:33:20.722Z | GET /api/products?limit=100 | 429 | 1ms | ::1
2026-07-25T13:33:20.890Z | GET /api/products?limit=100 | 429 | 1ms | ::1
2026-07-25T13:33:21.045Z | GET /api/products?limit=100 | 429 | 1ms | ::1
2026-07-25T13:33:21.265Z | GET /api/products?limit=100 | 429 | 1ms | ::1
2026-07-25T13:33:21.475Z | GET /api/products?limit=100 | 429 | 0ms | ::1
2026-07-25T13:33:21.678Z | GET /api/products?limit=100 | 429 | 1ms | ::1
2026-07-25T13:33:21.882Z | GET /api/products?limit=100 | 429 | 1ms | ::1
2026-07-25T13:33:22.082Z | GET /api/products?limit=100 | 429 | 0ms | ::1
2026-07-25T13:33:22.276Z | GET /api/products?limit=100 | 429 | 1ms | ::1
2026-07-25T13:33:22.469Z | GET /api/products?limit=100 | 429 | 1ms | ::1
2026-07-25T13:33:22.648Z | GET /api/products?limit=100 | 429 | 1ms | ::1
2026-07-25T13:33:22.825Z | GET /api/products?limit=100 | 429 | 1ms | ::1
2026-07-25T13:33:23.012Z | GET /api/products?limit=100 | 429 | 1ms | ::1
2026-07-25T13:33:31.079Z | GET /admin/login.html | 304 | 5ms | ::1
2026-07-25T13:33:31.200Z | GET /admin/js/config.js | 404 | 3ms | ::1
2026-07-25T13:33:32.628Z | GET /admin/login.html? | 200 | 26ms | ::1
2026-07-25T13:33:32.655Z | GET /admin/js/config.js | 404 | 2ms | ::1
2026-07-25T13:33:34.289Z | GET /admin/login.html? | 304 | 1ms | ::1
2026-07-25T13:33:34.319Z | GET /admin/js/config.js | 404 | 1ms | ::1
2026-07-25T13:33:34.925Z | GET /admin/login.html? | 304 | 0ms | ::1
2026-07-25T13:33:34.952Z | GET /admin/js/config.js | 404 | 1ms | ::1
2026-07-25T13:33:35.440Z | GET /admin/login.html? | 304 | 1ms | ::1
2026-07-25T13:33:35.466Z | GET /admin/js/config.js | 404 | 1ms | ::1
2026-07-25T13:33:35.823Z | GET /admin/login.html? | 304 | 1ms | ::1
2026-07-25T13:33:35.850Z | GET /admin/js/config.js | 404 | 1ms | ::1
2026-07-25T13:33:36.189Z | GET /admin/login.html? | 304 | 1ms | ::1
2026-07-25T13:33:36.214Z | GET /admin/js/config.js | 404 | 1ms | ::1
2026-07-25T13:33:57.960Z | GET /admin/login.html? | 304 | 1ms | ::1
2026-07-25T13:33:57.993Z | GET /admin/js/config.js | 404 | 0ms | ::1
2026-07-25T13:33:58.691Z | GET /admin/login.html? | 304 | 1ms | ::1
2026-07-25T13:33:58.721Z | GET /admin/js/config.js | 404 | 1ms | ::1
2026-07-25T13:35:25.552Z | GET /admin/login.html? | 304 | 9ms | ::1
2026-07-25T13:35:25.590Z | GET /admin/js/config.js | 404 | 6ms | ::1
2026-07-25T13:35:26.281Z | GET /admin/login.html? | 304 | 1ms | ::1
2026-07-25T13:35:26.309Z | GET /admin/js/config.js | 404 | 2ms | ::1
2026-07-25T13:35:26.632Z | GET /admin/login.html? | 304 | 1ms | ::1
2026-07-25T13:35:26.664Z | GET /admin/js/config.js | 404 | 1ms | ::1
2026-07-25T13:35:28.161Z | GET /admin/login.html? | 304 | 1ms | ::1
2026-07-25T13:35:28.186Z | GET /admin/js/config.js | 404 | 1ms | ::1
2026-07-25T13:35:34.292Z | GET /admin/login.html | 304 | 2ms | ::1
2026-07-25T13:35:34.389Z | GET /admin/js/config.js | 404 | 1ms | ::1
2026-07-25T13:35:37.128Z | GET /admin/login.html? | 304 | 2ms | ::1
2026-07-25T13:35:37.157Z | GET /admin/js/config.js | 404 | 2ms | ::1
2026-07-25T13:35:37.825Z | GET /admin/login.html? | 304 | 1ms | ::1
2026-07-25T13:35:37.855Z | GET /admin/js/config.js | 404 | 1ms | ::1
2026-07-25T13:38:25.384Z | GET /admin/login.html | 200 | 14ms | ::1
2026-07-25T13:39:04.053Z | GET /admin/login.html | 304 | 9ms | ::1
2026-07-25T13:39:05.317Z | GET /admin/login.html | 304 | 1ms | ::1
2026-07-25T13:39:05.524Z | GET /admin/login.html | 304 | 1ms | ::1
2026-07-25T13:39:12.840Z | GET /admin/login.html | 304 | 2ms | ::1
2026-07-25T13:41:13.344Z | GET /admin/login.html? | 200 | 17ms | ::1
2026-07-25T13:41:14.232Z | GET /admin/login.html? | 304 | 1ms | ::1
2026-07-25T13:41:19.129Z | GET /admin/login.html | 200 | 5ms | ::1
2026-07-25T13:41:23.198Z | GET /admin/login.html? | 304 | 1ms | ::1
2026-07-25T13:41:23.959Z | GET /admin/login.html? | 304 | 1ms | ::1
2026-07-25T13:41:24.323Z | GET /admin/login.html? | 304 | 1ms | ::1
2026-07-25T13:41:24.690Z | GET /admin/login.html? | 304 | 0ms | ::1
2026-07-25T13:41:25.040Z | GET /admin/login.html? | 304 | 1ms | ::1
2026-07-25T13:41:25.374Z | GET /admin/login.html? | 304 | 2ms | ::1
2026-07-25T13:41:25.707Z | GET /admin/login.html? | 304 | 1ms | ::1
2026-07-25T13:41:26.037Z | GET /admin/login.html? | 304 | 1ms | ::1
2026-07-25T13:43:15.231Z | GET /admin/login.html | 200 | 7ms | ::1
2026-07-25T13:43:18.538Z | GET /admin/login.html? | 200 | 4ms | ::1
2026-07-25T13:43:19.472Z | GET /admin/login.html? | 304 | 1ms | ::1
2026-07-25T13:43:19.995Z | GET /admin/login.html? | 304 | 1ms | ::1
2026-07-25T13:43:20.454Z | GET /admin/login.html? | 304 | 1ms | ::1
2026-07-25T13:44:40.590Z | GET /admin/test.html | 200 | 4ms | ::1
2026-07-25T13:45:50.164Z | GET /admin/test.html | 304 | 10ms | ::1
2026-07-25T13:45:54.048Z | GET /admin/login.html? | 304 | 2ms | ::1
2026-07-25T13:45:54.613Z | GET /admin/login.html? | 304 | 1ms | ::1
2026-07-25T13:45:54.963Z | GET /admin/login.html? | 304 | 1ms | ::1
2026-07-25T13:45:55.294Z | GET /admin/login.html? | 304 | 1ms | ::1
2026-07-25T13:45:55.629Z | GET /admin/login.html? | 304 | 2ms | ::1
2026-07-25T13:45:55.911Z | GET /admin/login.html? | 304 | 1ms | ::1
2026-07-25T13:47:31.957Z | GET /admin/test.html | 200 | 11ms | ::1
2026-07-25T13:47:57.600Z | GET /admin/test.html | 304 | 2ms | ::1
2026-07-25T13:49:04.131Z | GET /admin/test.html | 304 | 9ms | ::1
2026-07-25T13:49:05.042Z | GET /admin/test.html | 304 | 2ms | ::1
2026-07-25T13:49:05.213Z | GET /admin/test.html | 304 | 1ms | ::1
2026-07-25T13:49:05.409Z | GET /admin/test.html | 304 | 1ms | ::1
2026-07-25T13:49:05.596Z | GET /admin/test.html | 304 | 1ms | ::1
2026-07-25T13:49:05.778Z | GET /admin/test.html | 304 | 1ms | ::1
2026-07-25T13:49:09.567Z | GET /admin/login.html? | 304 | 1ms | ::1
2026-07-25T13:49:11.948Z | GET /admin/login.html | 304 | 1ms | ::1
2026-07-25T13:49:33.666Z | GET /admin/test.html | 304 | 3ms | ::1
2026-07-25T13:51:55.576Z | GET /admin/test.html | 200 | 11ms | ::1
